// Jest Snapshot v1, https://goo.gl/fbAQLP

exports[`NewsContainer renders correctly 1`] = `
ShallowWrapper {
  "length": 1,
  Symbol(enzyme.__root__): [Circular],
  Symbol(enzyme.__unrendered__): <NewsContainer />,
  Symbol(enzyme.__renderer__): Object {
    "batchedUpdates": [Function],
    "getNode": [Function],
    "render": [Function],
    "simulateEvent": [Function],
    "unmount": [Function],
  },
  Symbol(enzyme.__node__): Object {
    "instance": null,
    "key": undefined,
    "nodeType": "host",
    "props": Object {
      "children": Array [
        <div
          className="news-title"
>
          News
</div>,
        <div
          className="news-headlines-container"
>
          
</div>,
        false,
        <div
          className="news-powered-by"
>
          <a
                    href="https://newsapi.org"
                    rel="noopener noreferrer"
                    target="_blank"
          >
                    Powered by News API
          </a>
</div>,
      ],
      "className": "news-container",
    },
    "ref": null,
    "rendered": Array [
      Object {
        "instance": null,
        "key": undefined,
        "nodeType": "host",
        "props": Object {
          "children": "News",
          "className": "news-title",
        },
        "ref": null,
        "rendered": "News",
        "type": "div",
      },
      Object {
        "instance": null,
        "key": undefined,
        "nodeType": "host",
        "props": Object {
          "children": Array [],
          "className": "news-headlines-container",
        },
        "ref": null,
        "rendered": Array [],
        "type": "div",
      },
      false,
      Object {
        "instance": null,
        "key": undefined,
        "nodeType": "host",
        "props": Object {
          "children": <a
            href="https://newsapi.org"
            rel="noopener noreferrer"
            target="_blank"
>
            Powered by News API
</a>,
          "className": "news-powered-by",
        },
        "ref": null,
        "rendered": Object {
          "instance": null,
          "key": undefined,
          "nodeType": "host",
          "props": Object {
            "children": "Powered by News API",
            "href": "https://newsapi.org",
            "rel": "noopener noreferrer",
            "target": "_blank",
          },
          "ref": null,
          "rendered": "Powered by News API",
          "type": "a",
        },
        "type": "div",
      },
    ],
    "type": "div",
  },
  Symbol(enzyme.__nodes__): Array [
    Object {
      "instance": null,
      "key": undefined,
      "nodeType": "host",
      "props": Object {
        "children": Array [
          <div
            className="news-title"
>
            News
</div>,
          <div
            className="news-headlines-container"
>
            
</div>,
          false,
          <div
            className="news-powered-by"
>
            <a
                        href="https://newsapi.org"
                        rel="noopener noreferrer"
                        target="_blank"
            >
                        Powered by News API
            </a>
</div>,
        ],
        "className": "news-container",
      },
      "ref": null,
      "rendered": Array [
        Object {
          "instance": null,
          "key": undefined,
          "nodeType": "host",
          "props": Object {
            "children": "News",
            "className": "news-title",
          },
          "ref": null,
          "rendered": "News",
          "type": "div",
        },
        Object {
          "instance": null,
          "key": undefined,
          "nodeType": "host",
          "props": Object {
            "children": Array [],
            "className": "news-headlines-container",
          },
          "ref": null,
          "rendered": Array [],
          "type": "div",
        },
        false,
        Object {
          "instance": null,
          "key": undefined,
          "nodeType": "host",
          "props": Object {
            "children": <a
              href="https://newsapi.org"
              rel="noopener noreferrer"
              target="_blank"
>
              Powered by News API
</a>,
            "className": "news-powered-by",
          },
          "ref": null,
          "rendered": Object {
            "instance": null,
            "key": undefined,
            "nodeType": "host",
            "props": Object {
              "children": "Powered by News API",
              "href": "https://newsapi.org",
              "rel": "noopener noreferrer",
              "target": "_blank",
            },
            "ref": null,
            "rendered": "Powered by News API",
            "type": "a",
          },
          "type": "div",
        },
      ],
      "type": "div",
    },
  ],
  Symbol(enzyme.__options__): Object {
    "adapter": ReactSixteenAdapter {
      "options": Object {
        "enableComponentDidUpdateOnSetState": true,
      },
    },
    "disableLifecycleMethods": true,
  },
}
`;
