// Jest Snapshot v1, https://goo.gl/fbAQLP

exports[`BanksComponent renders correctly 1`] = `
ShallowWrapper {
  Symbol(enzyme.__root__): [Circular],
  Symbol(enzyme.__unrendered__): <BanksComponent
    name="Barclays Bank"
    url="https://www.example.com"
  />,
  Symbol(enzyme.__renderer__): Object {
    "batchedUpdates": [Function],
    "getNode": [Function],
    "render": [Function],
    "simulateEvent": [Function],
    "unmount": [Function],
  },
  Symbol(enzyme.__node__): Object {
    "instance": null,
    "key": undefined,
    "nodeType": "class",
    "props": Object {
      "children": <div
        className="banks-item"
      >
        <img
          alt="logo"
          className="banks-logo"
          src="icon.svg"
        />
        <div
          className="banks-name"
        >
          Barclays Bank
        </div>
        <Icon
          as="i"
          className="banks-arrow"
          color="grey"
          name="angle right"
          size="large"
        />
      </div>,
      "replace": false,
      "to": Object {
        "pathname": "/banking/atms",
        "state": Object {
          "name": "Barclays Bank",
          "url": "https://www.example.com",
        },
      },
    },
    "ref": null,
    "rendered": Object {
      "instance": null,
      "key": undefined,
      "nodeType": "host",
      "props": Object {
        "children": Array [
          <img
            alt="logo"
            className="banks-logo"
            src="icon.svg"
          />,
          <div
            className="banks-name"
          >
            Barclays Bank
          </div>,
          <Icon
            as="i"
            className="banks-arrow"
            color="grey"
            name="angle right"
            size="large"
          />,
        ],
        "className": "banks-item",
      },
      "ref": null,
      "rendered": Array [
        Object {
          "instance": null,
          "key": undefined,
          "nodeType": "host",
          "props": Object {
            "alt": "logo",
            "className": "banks-logo",
            "src": "icon.svg",
          },
          "ref": null,
          "rendered": null,
          "type": "img",
        },
        Object {
          "instance": null,
          "key": undefined,
          "nodeType": "host",
          "props": Object {
            "children": "Barclays Bank",
            "className": "banks-name",
          },
          "ref": null,
          "rendered": "Barclays Bank",
          "type": "div",
        },
        Object {
          "instance": null,
          "key": undefined,
          "nodeType": "class",
          "props": Object {
            "as": "i",
            "className": "banks-arrow",
            "color": "grey",
            "name": "angle right",
            "size": "large",
          },
          "ref": null,
          "rendered": null,
          "type": [Function],
        },
      ],
      "type": "div",
    },
    "type": [Function],
  },
  Symbol(enzyme.__nodes__): Array [
    Object {
      "instance": null,
      "key": undefined,
      "nodeType": "class",
      "props": Object {
        "children": <div
          className="banks-item"
        >
          <img
            alt="logo"
            className="banks-logo"
            src="icon.svg"
          />
          <div
            className="banks-name"
          >
            Barclays Bank
          </div>
          <Icon
            as="i"
            className="banks-arrow"
            color="grey"
            name="angle right"
            size="large"
          />
        </div>,
        "replace": false,
        "to": Object {
          "pathname": "/banking/atms",
          "state": Object {
            "name": "Barclays Bank",
            "url": "https://www.example.com",
          },
        },
      },
      "ref": null,
      "rendered": Object {
        "instance": null,
        "key": undefined,
        "nodeType": "host",
        "props": Object {
          "children": Array [
            <img
              alt="logo"
              className="banks-logo"
              src="icon.svg"
            />,
            <div
              className="banks-name"
            >
              Barclays Bank
            </div>,
            <Icon
              as="i"
              className="banks-arrow"
              color="grey"
              name="angle right"
              size="large"
            />,
          ],
          "className": "banks-item",
        },
        "ref": null,
        "rendered": Array [
          Object {
            "instance": null,
            "key": undefined,
            "nodeType": "host",
            "props": Object {
              "alt": "logo",
              "className": "banks-logo",
              "src": "icon.svg",
            },
            "ref": null,
            "rendered": null,
            "type": "img",
          },
          Object {
            "instance": null,
            "key": undefined,
            "nodeType": "host",
            "props": Object {
              "children": "Barclays Bank",
              "className": "banks-name",
            },
            "ref": null,
            "rendered": "Barclays Bank",
            "type": "div",
          },
          Object {
            "instance": null,
            "key": undefined,
            "nodeType": "class",
            "props": Object {
              "as": "i",
              "className": "banks-arrow",
              "color": "grey",
              "name": "angle right",
              "size": "large",
            },
            "ref": null,
            "rendered": null,
            "type": [Function],
          },
        ],
        "type": "div",
      },
      "type": [Function],
    },
  ],
  Symbol(enzyme.__options__): Object {
    "adapter": ReactSixteenAdapter {
      "options": Object {
        "enableComponentDidUpdateOnSetState": true,
        "lifecycles": Object {
          "componentDidUpdate": Object {
            "onSetState": true,
          },
          "getSnapshotBeforeUpdate": true,
        },
      },
    },
    "attachTo": undefined,
    "disableLifecycleMethods": true,
    "hydrateIn": undefined,
  },
}
`;
